services\RistoranteService.class
theknife\NuovoRistoranteController.class
theknife\Main.class
theknife\AuthController.class
theknife\models\Ristorante.class
theknife\UserHomeController.class
services\CSVImportService.class
theknife\cache\RelationRepository.class
services\RecensioneService.class
theknife\RistoranteController.class
theknife\PreferitiViewController.class
theknife\models\Risposta.class
theknife\models\FiltriDiRicerca$Builder.class
theknife\cache\BaseEntity.class
services\RisposteService.class
theknife\cache\RelationRepository$1.class
theknife\RegisterController.class
theknife\cache\DataManager.class
theknife\models\Utente$Ruolo.class
theknife\RistoratoreHomeController.class
theknife\RistoratoreRecensioniController.class
theknife\models\Utente.class
theknife\ModificaRistoranteController.class
services\AuthService.class
theknife\cache\JsonRepository.class
theknife\utils\LocalDateTimeAdapter.class
services\RistoranteService$1.class
theknife\RecensioneController.class
theknife\MainViewController.class
services\ReverseGeocodingService.class
theknife\models\Recensione.class
theknife\models\FiltriDiRicerca.class
theknife\RecensioniRistoranteController.class
