C:\Users\stefa\IdeaProjects\TheKnife\src\main\java\services\AuthService.java
C:\Users\stefa\IdeaProjects\TheKnife\src\main\java\services\CSVImportService.java
C:\Users\stefa\IdeaProjects\TheKnife\src\main\java\services\RecensioneService.java
C:\Users\stefa\IdeaProjects\TheKnife\src\main\java\services\ReverseGeocodingService.java
C:\Users\stefa\IdeaProjects\TheKnife\src\main\java\services\RisposteService.java
C:\Users\stefa\IdeaProjects\TheKnife\src\main\java\services\RistoranteService.java
C:\Users\stefa\IdeaProjects\TheKnife\src\main\java\theknife\AuthController.java
C:\Users\stefa\IdeaProjects\TheKnife\src\main\java\theknife\cache\BaseEntity.java
C:\Users\stefa\IdeaProjects\TheKnife\src\main\java\theknife\cache\DataManager.java
C:\Users\stefa\IdeaProjects\TheKnife\src\main\java\theknife\cache\JsonRepository.java
C:\Users\stefa\IdeaProjects\TheKnife\src\main\java\theknife\cache\RelationRepository.java
C:\Users\stefa\IdeaProjects\TheKnife\src\main\java\theknife\Main.java
C:\Users\stefa\IdeaProjects\TheKnife\src\main\java\theknife\MainViewController.java
C:\Users\stefa\IdeaProjects\TheKnife\src\main\java\theknife\models\FiltriDiRicerca.java
C:\Users\stefa\IdeaProjects\TheKnife\src\main\java\theknife\models\Recensione.java
C:\Users\stefa\IdeaProjects\TheKnife\src\main\java\theknife\models\Risposta.java
C:\Users\stefa\IdeaProjects\TheKnife\src\main\java\theknife\models\Ristorante.java
C:\Users\stefa\IdeaProjects\TheKnife\src\main\java\theknife\models\Utente.java
C:\Users\stefa\IdeaProjects\TheKnife\src\main\java\theknife\ModificaRistoranteController.java
C:\Users\stefa\IdeaProjects\TheKnife\src\main\java\theknife\NuovoRistoranteController.java
C:\Users\stefa\IdeaProjects\TheKnife\src\main\java\theknife\PreferitiViewController.java
C:\Users\stefa\IdeaProjects\TheKnife\src\main\java\theknife\RecensioneController.java
C:\Users\stefa\IdeaProjects\TheKnife\src\main\java\theknife\RecensioniRistoranteController.java
C:\Users\stefa\IdeaProjects\TheKnife\src\main\java\theknife\RegisterController.java
C:\Users\stefa\IdeaProjects\TheKnife\src\main\java\theknife\RistoranteController.java
C:\Users\stefa\IdeaProjects\TheKnife\src\main\java\theknife\RistoratoreHomeController.java
C:\Users\stefa\IdeaProjects\TheKnife\src\main\java\theknife\RistoratoreRecensioniController.java
C:\Users\stefa\IdeaProjects\TheKnife\src\main\java\theknife\UserHomeController.java
C:\Users\stefa\IdeaProjects\TheKnife\src\main\java\theknife\utils\LocalDateTimeAdapter.java
